---
source: crates/cli/tests/custom_resolvers.rs
expression: value
---

               MMM.           .MMM
               MMMMMMMMMMMMMMMMMMM
               MMMMMMMMMMMMMMMMMMM      ________________
              MMMMMMMMMMMMMMMMMMMMM    |                |
             MMMMMMMMMMMMMMMMMMMMMMM   | Hello Grafbase |
            MMMMMMMMMMMMMMMMMMMMMMMM   |_   ____________|
            MMMM::- -:::::::- -::MMMM    |/
             MM~:~ 00~:::::~ 00~:~MM
        .. MMMMM::.00:::+:::.00::MMMMM ..
              .MM::::: ._. :::::MM.
                 MMMM;:::::;MMMM
          -MM        MMMMMMM
          ^  M+     MMMMMMMMM
              MMMMMMM MM MM MM
                   MM MM MM MM
                   MM MM MM MM
                .~~MM~MM~MM~MM~~.
             ~~~~MM:~MM~~~MM~:MM~~~~
            ~~~~~~==~==~~~==~==~~~~~~
             ~~~~~~==~==~==~==~~~~~~
                 :~==~==~==~==~~

