---
source: crates/cli/tests/owner.rs
expression: "client.gql::<Value>(OWNER_TODO_GET).bearer(USER1).variables(json!({\n                \"id\" : id\n            })).send()"
---
{
  "data": null,
  "errors": [
    {
      "message": "Unauthorized to access Query.todo (missing get operation)"
    }
  ]
}
