---
source: crates/cli/tests/owner.rs
expression: "client.gql::<Value>(OWNER_TWITTER_USER_GET_BY_ID).bearer(USER1).variables(json!({\n                \"id\" : id\n            })).send()"
---
{
  "data": {
    "user": {
      "email": "one@example.com"
    }
  }
}
